// Vitest Snapshot v1, https://vitest.dev/guide/snapshot.html

exports[`unplugin > basic.ts 1`] = `
"// basic.js
import { t } from 'tc39-try';

function fn() {
	return 10;
}
async function fn2() {
	await 10;
	return 42;
}
const x = t(() => fn());
const x2 = await t(() => fn2());

export { x, x2 };
"
`;
